[12-Jul-2023 18:24:02 Europe/Berlin] PHP Warning:  Undefined variable $validation_results in F:\Semester4\BackEnd\Project\FinalProject\userRegister.php on line 40
[12-Jul-2023 18:24:02 Europe/Berlin] PHP Stack trace:
[12-Jul-2023 18:24:02 Europe/Berlin] PHP   1. {main}() F:\Semester4\BackEnd\Project\FinalProject\userRegister.php:0
[12-Jul-2023 18:24:02 Europe/Berlin] PHP Warning:  Trying to access array offset on value of type null in F:\Semester4\BackEnd\Project\FinalProject\userRegister.php on line 40
[12-Jul-2023 18:24:02 Europe/Berlin] PHP Stack trace:
[12-Jul-2023 18:24:02 Europe/Berlin] PHP   1. {main}() F:\Semester4\BackEnd\Project\FinalProject\userRegister.php:0
[12-Jul-2023 18:24:02 Europe/Berlin] PHP Fatal error:  Uncaught TypeError: count(): Argument #1 ($value) must be of type Countable|array, null given in F:\Semester4\BackEnd\Project\FinalProject\userRegister.php:40
Stack trace:
#0 {main}
  thrown in F:\Semester4\BackEnd\Project\FinalProject\userRegister.php on line 40
[12-Jul-2023 18:31:49 Europe/Berlin] PHP Fatal error:  Uncaught Error: Class "Validate" not found in F:\Semester4\BackEnd\Project\FinalProject\userRegister.php:16
Stack trace:
#0 {main}
  thrown in F:\Semester4\BackEnd\Project\FinalProject\userRegister.php on line 16
[12-Jul-2023 18:33:30 Europe/Berlin] PHP Warning:  Undefined array key "errors" in F:\Semester4\BackEnd\Project\FinalProject\userRegister.php on line 18
[12-Jul-2023 18:33:30 Europe/Berlin] PHP Stack trace:
[12-Jul-2023 18:33:30 Europe/Berlin] PHP   1. {main}() F:\Semester4\BackEnd\Project\FinalProject\userRegister.php:0
[12-Jul-2023 18:33:30 Europe/Berlin] PHP Fatal error:  Uncaught TypeError: count(): Argument #1 ($value) must be of type Countable|array, null given in F:\Semester4\BackEnd\Project\FinalProject\userRegister.php:18
Stack trace:
#0 {main}
  thrown in F:\Semester4\BackEnd\Project\FinalProject\userRegister.php on line 18
[12-Jul-2023 18:37:06 Europe/Berlin] PHP Warning:  Undefined variable $validation_errors in F:\Semester4\BackEnd\Project\FinalProject\userRegister.php on line 42
[12-Jul-2023 18:37:06 Europe/Berlin] PHP Stack trace:
[12-Jul-2023 18:37:06 Europe/Berlin] PHP   1. {main}() F:\Semester4\BackEnd\Project\FinalProject\userRegister.php:0
[12-Jul-2023 18:37:06 Europe/Berlin] PHP Fatal error:  Uncaught TypeError: count(): Argument #1 ($value) must be of type Countable|array, null given in F:\Semester4\BackEnd\Project\FinalProject\userRegister.php:42
Stack trace:
#0 {main}
  thrown in F:\Semester4\BackEnd\Project\FinalProject\userRegister.php on line 42
2023-07-12 18:37:35 - ERROR MESSAGE = Username must be  characters long
2023-07-12 18:37:35 - ERROR MESSAGE = Password must be 10 characteres long, contain at least 1 number and 1 capital letter

2023-07-12 18:39:48 - ERROR MESSAGE = Username must be 8 characters long
2023-07-12 18:39:48 - ERROR MESSAGE = Password must be 10 characteres long, contain at least 1 number and 1 capital letter

2023-07-12 18:40:09 - ERROR MESSAGE = Password must be 10 characteres long, contain at least 1 number and 1 capital letter

2023-07-12 18:46:52 - ERROR MESSAGE = Username must be 8 characters long
2023-07-12 18:46:52 - ERROR MESSAGE = Password must be 10 characteres long, contain at least 1 number and 1 capital letter

2023-07-12 18:46:54 - ERROR MESSAGE = Username must be 8 characters long
2023-07-12 18:46:54 - ERROR MESSAGE = Password must be 10 characteres long, contain at least 1 number and 1 capital letter

2023-07-12 18:46:56 - ERROR MESSAGE = Username must be 8 characters long
2023-07-12 18:46:56 - ERROR MESSAGE = Password must be 10 characteres long, contain at least 1 number and 1 capital letter

2023-07-12 18:46:57 - ERROR MESSAGE = Username must be 8 characters long
2023-07-12 18:46:57 - ERROR MESSAGE = Password must be 10 characteres long, contain at least 1 number and 1 capital letter

2023-07-12 18:46:58 - ERROR MESSAGE = Username must be 8 characters long
2023-07-12 18:46:58 - ERROR MESSAGE = Password must be 10 characteres long, contain at least 1 number and 1 capital letter

2023-07-12 18:48:38 - ERROR MESSAGE = Username must be 8 characters long
2023-07-12 18:48:38 - ERROR MESSAGE = Password must be 10 characteres long, contain at least 1 number and 1 capital letter

2023-07-12 18:48:39 - ERROR MESSAGE = Username must be 8 characters long
2023-07-12 18:48:39 - ERROR MESSAGE = Password must be 10 characteres long, contain at least 1 number and 1 capital letter

[12-Jul-2023 18:49:33 Europe/Berlin] PHP Warning:  Undefined array key "errors" in F:\Semester4\BackEnd\Project\FinalProject\inc\Entity\Page.class.php on line 77
[12-Jul-2023 18:49:33 Europe/Berlin] PHP Stack trace:
[12-Jul-2023 18:49:33 Europe/Berlin] PHP   1. {main}() F:\Semester4\BackEnd\Project\FinalProject\userRegister.php:0
[12-Jul-2023 18:49:33 Europe/Berlin] PHP   2. Page::showRegisterForm($validation_results = []) F:\Semester4\BackEnd\Project\FinalProject\userRegister.php:22
[12-Jul-2023 18:49:33 Europe/Berlin] PHP Fatal error:  Uncaught TypeError: count(): Argument #1 ($value) must be of type Countable|array, null given in F:\Semester4\BackEnd\Project\FinalProject\inc\Entity\Page.class.php:77
Stack trace:
#0 F:\Semester4\BackEnd\Project\FinalProject\userRegister.php(22): Page::showRegisterForm(Array)
#1 {main}
  thrown in F:\Semester4\BackEnd\Project\FinalProject\inc\Entity\Page.class.php on line 77
2023-07-12 18:49:56 - ERROR MESSAGE = Username must be 8 characters long
2023-07-12 18:49:56 - ERROR MESSAGE = Password must be 10 characteres long, contain at least 1 number and 1 capital letter

2023-07-12 18:49:56 - ERROR MESSAGE = Username must be 8 characters long
2023-07-12 18:49:56 - ERROR MESSAGE = Password must be 10 characteres long, contain at least 1 number and 1 capital letter

2023-07-12 18:50:21 - ERROR MESSAGE = Username must be 8 characters long
2023-07-12 18:50:21 - ERROR MESSAGE = Password must be 10 characteres long, contain at least 1 number and 1 capital letter

2023-07-12 18:50:21 - ERROR MESSAGE = Username must be 8 characters long
2023-07-12 18:50:21 - ERROR MESSAGE = Password must be 10 characteres long, contain at least 1 number and 1 capital letter

2023-07-12 18:51:30 - ERROR MESSAGE = Username must be 8 characters long
2023-07-12 18:51:30 - ERROR MESSAGE = Password must be 10 characteres long, contain at least 1 number and 1 capital letter

2023-07-12 18:58:43 - ERROR MESSAGE = Username must be 8 characters long
2023-07-12 18:58:43 - ERROR MESSAGE = Password must be 10 characteres long, contain at least 1 number and 1 capital letter

2023-07-12 18:58:49 - ERROR MESSAGE = Password must be 10 characteres long, contain at least 1 number and 1 capital letter

2023-07-12 19:04:49 - ERROR MESSAGE = Username must be 8 characters long
2023-07-12 19:04:49 - ERROR MESSAGE = Password must be 10 characteres long, contain at least 1 number and 1 capital letter

2023-07-12 19:05:14 - ERROR MESSAGE = Password must be 10 characteres long, contain at least 1 number and 1 capital letter

2023-07-12 19:05:32 - ERROR MESSAGE = Password must be 10 characteres long, contain at least 1 number and 1 capital letter

2023-07-12 19:06:38 - ERROR MESSAGE = Password must be 10 characteres long, contain at least 1 number and 1 capital letter

2023-07-12 19:07:27 - ERROR MESSAGE = Password must be 10 characteres long, contain at least 1 number and 1 capital letter

2023-07-12 19:08:18 - ERROR MESSAGE = Please confirm your password

[12-Jul-2023 22:13:46 Europe/Berlin] PHP Warning:  Undefined variable $cssFileName in F:\Semester4\BackEnd\Project\FinalProject\index.php on line 28
[12-Jul-2023 22:13:46 Europe/Berlin] PHP Stack trace:
[12-Jul-2023 22:13:46 Europe/Berlin] PHP   1. {main}() F:\Semester4\BackEnd\Project\FinalProject\index.php:0
[12-Jul-2023 22:13:46 Europe/Berlin] PHP Warning:  Undefined variable $title in F:\Semester4\BackEnd\Project\FinalProject\index.php on line 32
[12-Jul-2023 22:13:46 Europe/Berlin] PHP Stack trace:
[12-Jul-2023 22:13:46 Europe/Berlin] PHP   1. {main}() F:\Semester4\BackEnd\Project\FinalProject\index.php:0
[12-Jul-2023 22:13:46 Europe/Berlin] PHP Warning:  Undefined variable $isUserLoggedIn in F:\Semester4\BackEnd\Project\FinalProject\index.php on line 46
[12-Jul-2023 22:13:46 Europe/Berlin] PHP Stack trace:
[12-Jul-2023 22:13:46 Europe/Berlin] PHP   1. {main}() F:\Semester4\BackEnd\Project\FinalProject\index.php:0
[12-Jul-2023 22:14:24 Europe/Berlin] PHP Warning:  Undefined variable $cssFileName in F:\Semester4\BackEnd\Project\FinalProject\index.php on line 28
[12-Jul-2023 22:14:24 Europe/Berlin] PHP Stack trace:
[12-Jul-2023 22:14:24 Europe/Berlin] PHP   1. {main}() F:\Semester4\BackEnd\Project\FinalProject\index.php:0
[12-Jul-2023 22:14:24 Europe/Berlin] PHP Warning:  Undefined variable $isUserLoggedIn in F:\Semester4\BackEnd\Project\FinalProject\index.php on line 46
[12-Jul-2023 22:14:24 Europe/Berlin] PHP Stack trace:
[12-Jul-2023 22:14:24 Europe/Berlin] PHP   1. {main}() F:\Semester4\BackEnd\Project\FinalProject\index.php:0
[12-Jul-2023 22:14:41 Europe/Berlin] PHP Warning:  Undefined variable $isUserLoggedIn in F:\Semester4\BackEnd\Project\FinalProject\index.php on line 46
[12-Jul-2023 22:14:41 Europe/Berlin] PHP Stack trace:
[12-Jul-2023 22:14:41 Europe/Berlin] PHP   1. {main}() F:\Semester4\BackEnd\Project\FinalProject\index.php:0
[12-Jul-2023 22:14:56 Europe/Berlin] PHP Warning:  Undefined variable $isUserLoggedIn in F:\Semester4\BackEnd\Project\FinalProject\index.php on line 46
[12-Jul-2023 22:14:56 Europe/Berlin] PHP Stack trace:
[12-Jul-2023 22:14:56 Europe/Berlin] PHP   1. {main}() F:\Semester4\BackEnd\Project\FinalProject\index.php:0
[12-Jul-2023 22:15:22 Europe/Berlin] PHP Warning:  Undefined variable $isUserLoggedIn in F:\Semester4\BackEnd\Project\FinalProject\index.php on line 46
[12-Jul-2023 22:15:22 Europe/Berlin] PHP Stack trace:
[12-Jul-2023 22:15:22 Europe/Berlin] PHP   1. {main}() F:\Semester4\BackEnd\Project\FinalProject\index.php:0
[19-Jul-2023 22:59:12 Europe/Berlin] PHP Warning:  Undefined variable $lastPage in F:\Semester4\BackEnd\Project\FinalProject\singleList.php on line 26
[19-Jul-2023 22:59:12 Europe/Berlin] PHP Stack trace:
[19-Jul-2023 22:59:12 Europe/Berlin] PHP   1. {main}() F:\Semester4\BackEnd\Project\FinalProject\singleList.php:0
